
> react-kavia@0.1.0 start
> react-scripts start

Attempting to bind to HOST environment variable: 0.0.0.0
If this was unintentional, check that you haven't mistakenly set it in your shell.
Learn more here: https://cra.link/advanced-config

(node:2203) [DEP_WEBPACK_DEV_SERVER_ON_AFTER_SETUP_MIDDLEWARE] DeprecationWarning: 'onAfterSetupMiddleware' option is deprecated. Please use the 'setupMiddlewares' option.
(Use `node --trace-deprecation ...` to show where the warning was created)
(node:2203) [DEP_WEBPACK_DEV_SERVER_ON_BEFORE_SETUP_MIDDLEWARE] DeprecationWarning: 'onBeforeSetupMiddleware' option is deprecated. Please use the 'setupMiddlewares' option.
Starting the development server...

Compiled successfully!

You can now view react-kavia in the browser.

  Local:            http://localhost:3000
  On Your Network:  http://172.17.0.2:3000

Note that the development build is not optimized.
To create a production build, use npm run build.

webpack compiled successfully
Compiling...
Compiled with warnings.

[eslint] 
src/App.js
  Line 3:10:    'app' is defined but never used                       no-unused-vars
  Line 6:3:     'collection' is defined but never used                no-unused-vars
  Line 11:3:    'addDoc' is defined but never used                    no-unused-vars
  Line 12:3:    'getDocs' is defined but never used                   no-unused-vars
  Line 14:3:    'query' is defined but never used                     no-unused-vars
  Line 15:3:    'where' is defined but never used                     no-unused-vars
  Line 16:3:    'orderBy' is defined but never used                   no-unused-vars
  Line 40:10:   'round' is assigned a value but never used            no-unused-vars
  Line 43:10:   'votes' is assigned a value but never used            no-unused-vars
  Line 52:10:   'drawingDataUrl' is assigned a value but never used   no-unused-vars
  Line 57:24:   'setChatMessages' is assigned a value but never used  no-unused-vars
  Line 61:10:   'voteSubmitted' is assigned a value but never used    no-unused-vars
  Line 173:18:  'endGuessing' is defined but never used               no-unused-vars
  Line 178:18:  'endVoting' is defined but never used                 no-unused-vars
  Line 245:12:  'endDrawing' is already defined                       no-redeclare
  Line 324:9:   'nextIdx' is assigned a value but never used          no-unused-vars

Search for the keywords to learn more about each warning.
To ignore, add // eslint-disable-next-line to the line before.

WARNING in [eslint] 
src/App.js
  Line 3:10:    'app' is defined but never used                       no-unused-vars
  Line 6:3:     'collection' is defined but never used                no-unused-vars
  Line 11:3:    'addDoc' is defined but never used                    no-unused-vars
  Line 12:3:    'getDocs' is defined but never used                   no-unused-vars
  Line 14:3:    'query' is defined but never used                     no-unused-vars
  Line 15:3:    'where' is defined but never used                     no-unused-vars
  Line 16:3:    'orderBy' is defined but never used                   no-unused-vars
  Line 40:10:   'round' is assigned a value but never used            no-unused-vars
  Line 43:10:   'votes' is assigned a value but never used            no-unused-vars
  Line 52:10:   'drawingDataUrl' is assigned a value but never used   no-unused-vars
  Line 57:24:   'setChatMessages' is assigned a value but never used  no-unused-vars
  Line 61:10:   'voteSubmitted' is assigned a value but never used    no-unused-vars
  Line 173:18:  'endGuessing' is defined but never used               no-unused-vars
  Line 178:18:  'endVoting' is defined but never used                 no-unused-vars
  Line 245:12:  'endDrawing' is already defined                       no-redeclare
  Line 324:9:   'nextIdx' is assigned a value but never used          no-unused-vars

webpack compiled with 1 warning
Compiling...
Compiled with warnings.

[eslint] 
src/App.js
  Line 3:10:    'app' is defined but never used                       no-unused-vars
  Line 6:3:     'collection' is defined but never used                no-unused-vars
  Line 11:3:    'addDoc' is defined but never used                    no-unused-vars
  Line 12:3:    'getDocs' is defined but never used                   no-unused-vars
  Line 14:3:    'query' is defined but never used                     no-unused-vars
  Line 15:3:    'where' is defined but never used                     no-unused-vars
  Line 16:3:    'orderBy' is defined but never used                   no-unused-vars
  Line 40:10:   'round' is assigned a value but never used            no-unused-vars
  Line 43:10:   'votes' is assigned a value but never used            no-unused-vars
  Line 52:10:   'drawingDataUrl' is assigned a value but never used   no-unused-vars
  Line 57:24:   'setChatMessages' is assigned a value but never used  no-unused-vars
  Line 61:10:   'voteSubmitted' is assigned a value but never used    no-unused-vars
  Line 173:18:  'endGuessing' is defined but never used               no-unused-vars
  Line 178:18:  'endVoting' is defined but never used                 no-unused-vars
  Line 245:12:  'endDrawing' is already defined                       no-redeclare
  Line 324:9:   'nextIdx' is assigned a value but never used          no-unused-vars

Search for the keywords to learn more about each warning.
To ignore, add // eslint-disable-next-line to the line before.

WARNING in [eslint] 
src/App.js
  Line 3:10:    'app' is defined but never used                       no-unused-vars
  Line 6:3:     'collection' is defined but never used                no-unused-vars
  Line 11:3:    'addDoc' is defined but never used                    no-unused-vars
  Line 12:3:    'getDocs' is defined but never used                   no-unused-vars
  Line 14:3:    'query' is defined but never used                     no-unused-vars
  Line 15:3:    'where' is defined but never used                     no-unused-vars
  Line 16:3:    'orderBy' is defined but never used                   no-unused-vars
  Line 40:10:   'round' is assigned a value but never used            no-unused-vars
  Line 43:10:   'votes' is assigned a value but never used            no-unused-vars
  Line 52:10:   'drawingDataUrl' is assigned a value but never used   no-unused-vars
  Line 57:24:   'setChatMessages' is assigned a value but never used  no-unused-vars
  Line 61:10:   'voteSubmitted' is assigned a value but never used    no-unused-vars
  Line 173:18:  'endGuessing' is defined but never used               no-unused-vars
  Line 178:18:  'endVoting' is defined but never used                 no-unused-vars
  Line 245:12:  'endDrawing' is already defined                       no-redeclare
  Line 324:9:   'nextIdx' is assigned a value but never used          no-unused-vars

webpack compiled with 1 warning
